// Jest Snapshot v1, https://goo.gl/fbAQLP

exports[`search.wlu.parser parses a search with few results correctly 1`] = `"[ 'CP-102', 'CP-104', 'CP-164' ]"`;

exports[`search.wlu.parser parses a search with many results correctly 1`] = `
"[ 'CP-102',
  'CP-104',
  'CP-164',
  'CP-202',
  'CP-212',
  'CP-213',
  'CP-220' ]"
`;
